// Jest Snapshot v1, https://goo.gl/fbAQLP

exports[`AlbumListRow matches snapshot 1`] = `
<View
  accessible={true}
  clickable={true}
  isTVSelectable={true}
  onClick={[Function]}
  onResponderGrant={[Function]}
  onResponderMove={[Function]}
  onResponderRelease={[Function]}
  onResponderTerminate={[Function]}
  onResponderTerminationRequest={[Function]}
  onStartShouldSetResponder={[Function]}
  style={null}
>
  <View
    style={
      Object {
        "alignItems": "center",
        "backgroundColor": "#fff",
        "borderBottomColor": "#000",
        "borderBottomWidth": 0.5,
        "flex": 1,
        "flexDirection": "row",
        "justifyContent": "space-between",
        "paddingHorizontal": 20,
        "paddingVertical": 10,
      }
    }
  >
    <Image
      source={
        Object {
          "uri": "https://example.com",
        }
      }
      style={
        Object {
          "height": 40,
          "marginRight": 10,
          "width": 40,
        }
      }
    />
    <View
      style={
        Object {
          "flex": 1,
          "flexDirection": "row",
          "justifyContent": "flex-start",
        }
      }
    >
      <Text
        ellipsizeMode="tail"
        numberOfLines={1}
        style={
          Object {
            "backgroundColor": "transparent",
            "color": "rgba(0,0,0,0.87)",
            "fontFamily": "System",
            "fontSize": 20,
            "fontWeight": "600",
            "letterSpacing": 0.361328,
            "lineHeight": 28,
          }
        }
      >
        Scorpion
      </Text>
    </View>
    <Text
      allowFontScaling={false}
      style={
        Array [
          Object {
            "color": "#1DB954",
            "fontSize": 20,
          },
          undefined,
          Object {
            "fontFamily": "Entypo",
            "fontStyle": "normal",
            "fontWeight": "normal",
          },
          Object {},
        ]
      }
    >
      ï…Š
    </Text>
  </View>
</View>
`;
